// Jest Snapshot v1, https://goo.gl/fbAQLP

exports[`renders correctly 1`] = `
<View
  accessibilityState={
    {
      "busy": undefined,
      "checked": undefined,
      "disabled": undefined,
      "expanded": undefined,
      "selected": undefined,
    }
  }
  accessibilityValue={
    {
      "max": undefined,
      "min": undefined,
      "now": undefined,
      "text": undefined,
    }
  }
  accessible={true}
  collapsable={false}
  focusable={true}
  onBlur={[Function]}
  onClick={[Function]}
  onFocus={[Function]}
  onResponderGrant={[Function]}
  onResponderMove={[Function]}
  onResponderRelease={[Function]}
  onResponderTerminate={[Function]}
  onResponderTerminationRequest={[Function]}
  onStartShouldSetResponder={[Function]}
  style={
    [
      {},
    ]
  }
>
  <Text
    style={
      [
        {
          "color": "#11181C",
        },
        {
          "fontSize": 16,
          "lineHeight": 24,
        },
        undefined,
        undefined,
        undefined,
        undefined,
        {
          "color": "grey",
        },
      ]
    }
  >
    Time
  </Text>
  <View
    style={
      [
        {
          "backgroundColor": "#fff",
        },
        {
          "backgroundColor": "transparent",
          "borderBottomColor": "lightgrey",
          "borderBottomWidth": 1,
          "paddingBottom": 6,
        },
      ]
    }
  >
    <Text
      style={
        [
          {
            "color": "#11181C",
          },
          {
            "fontSize": 16,
            "lineHeight": 24,
          },
          undefined,
          undefined,
          undefined,
          undefined,
          undefined,
        ]
      }
    >
      Select Time
    </Text>
  </View>
</View>
`;
